ASxxxx Linker V05.50.4-SDLD,  page 1.
Hexadecimal  [32-Bits]

Area                                    Addr        Size        Decimal Bytes (Attributes)
--------------------------------        ----        ----        ------- ----- ------------
.  .ABS.                            00000000    00000000 =           0. bytes (ABS,CON)

         Value  Global                             Global Defined In Module
         -----  --------------------------------   ------------------------
     00000000  .__.ABS.                           mcs251_hwframe
     00000000  l_BIT_BANK                      
     00000000  l_BSEG                          
     00000000  l_BSEG_BYTES                    
     00000000  l_DSEG                          
     00000000  l_ISEG                          
     00000000  l_OSEG                          
     00000000  l_REG_BANK_0                    
     00000000  l_REG_BANK_1                    
     00000000  l_REG_BANK_2                    
     00000000  l_REG_BANK_3                    
     00000000  l_SSEG                          
     00000000  l__CODE                         
     00000000  s_BSEG                          
     00000000  s_DSEG                          
     00000000  s_ISEG                          
     00000000  s_REG_BANK_0                    
     00000000  s_SSEG                          
     00000003  l_HOME                          
     00000008  s_REG_BANK_1                    
     0000000C  l_VECS                          
     00000010  s_REG_BANK_2                    
     00000018  s_BIT_BANK                      
     00000018  s_OSEG                          
     00000018  s_REG_BANK_3                    
     00000020  s_BSEG_BYTES                    
     00000020  s__CODE                         
     00000100  l_IRAM                          
     00000132  l_CSEG                          
     00FF0000  s_HOME                          
     00FF0003  s_VECS                          
     00FF0200  s_CSEG                          

ASxxxx Linker V05.50.4-SDLD,  page 2.
Hexadecimal  [32-Bits]

Area                                    Addr        Size        Decimal Bytes (Attributes)
--------------------------------        ----        ----        ------- ----- ------------
HOME                                00FF0000    00000003 =           3. bytes (REL,CON,CODE)

         Value  Global                             Global Defined In Module
         -----  --------------------------------   ------------------------
ASxxxx Linker V05.50.4-SDLD,  page 3.
Hexadecimal  [32-Bits]

Area                                    Addr        Size        Decimal Bytes (Attributes)
--------------------------------        ----        ----        ------- ----- ------------
VECS                                00FF0003    0000000C =          12. bytes (REL,CON,CODE)

         Value  Global                             Global Defined In Module
         -----  --------------------------------   ------------------------
ASxxxx Linker V05.50.4-SDLD,  page 4.
Hexadecimal  [32-Bits]

Area                                    Addr        Size        Decimal Bytes (Attributes)
--------------------------------        ----        ----        ------- ----- ------------
CSEG                                00FF0200    00000132 =         306. bytes (REL,CON,CODE)

         Value  Global                             Global Defined In Module
         -----  --------------------------------   ------------------------
C:   00FF0200  _start                             mcs251_hwframe
C:   00FF02CA  _hwf_isr                           mcs251_hwframe

ASxxxx Linker V05.50.4-SDLD,  page 5.

Files Linked                              [ module(s) ]

/tmp/mcs251-hwframe/hwframe.rel           [  ]

ASxxxx Linker V05.50.4-SDLD,  page 6.

User Base Address Definitions

HOME = 0xff0000
CSEG = 0xff0200
ISEG = 0x0000
BSEG = 0x0000

